Traceback (most recent call last):
  File "/home/runner/py3/lib/python3.10/site-packages/jupyter_cache/executors/utils.py", line 51, in single_nb_execution
    executenb(
  File "/home/runner/py3/lib/python3.10/site-packages/nbclient/client.py", line 1204, in execute
    return NotebookClient(nb=nb, resources=resources, km=km, **kwargs).execute()
  File "/home/runner/py3/lib/python3.10/site-packages/nbclient/util.py", line 84, in wrapped
    return just_run(coro(*args, **kwargs))
  File "/home/runner/py3/lib/python3.10/site-packages/nbclient/util.py", line 62, in just_run
    return loop.run_until_complete(coro)
  File "/opt/hostedtoolcache/Python/3.10.4/x64/lib/python3.10/asyncio/base_events.py", line 646, in run_until_complete
    return future.result()
  File "/home/runner/py3/lib/python3.10/site-packages/nbclient/client.py", line 663, in async_execute
    await self.async_execute_cell(
  File "/home/runner/py3/lib/python3.10/site-packages/nbclient/client.py", line 965, in async_execute_cell
    await self._check_raise_for_error(cell, cell_index, exec_reply)
  File "/home/runner/py3/lib/python3.10/site-packages/nbclient/client.py", line 862, in _check_raise_for_error
    raise CellExecutionError.from_cell_and_msg(cell, exec_reply_content)
nbclient.exceptions.CellExecutionError: An error occurred while executing the following cell:
------------------
mPOC = model.sinking_particles(N=1, Fc=0)

plot.models(mPOC);
------------------

[0;31m---------------------------------------------------------------------------[0m
[0;31mTypeError[0m                                 Traceback (most recent call last)
Input [0;32mIn [2][0m, in [0;36m<cell line: 1>[0;34m()[0m
[0;32m----> 1[0m mPOC [38;5;241m=[39m [43mmodel[49m[38;5;241;43m.[39;49m[43msinking_particles[49m[43m([49m[43mN[49m[38;5;241;43m=[39;49m[38;5;241;43m1[39;49m[43m,[49m[43m [49m[43mFc[49m[38;5;241;43m=[39;49m[38;5;241;43m0[39;49m[43m)[49m
[1;32m      3[0m plot[38;5;241m.[39mmodels(mPOC)

[0;31mTypeError[0m: sinking_particles() got an unexpected keyword argument 'Fc'
TypeError: sinking_particles() got an unexpected keyword argument 'Fc'

